// Jest Snapshot v1, https://goo.gl/fbAQLP

exports[`test de <AddCategory /> debe mostrarase correctamente 1`] = `
<form
  onSubmit={[Function]}
>
  <p />
  <input
    onChange={[Function]}
    type="text"
    value=""
  />
</form>
`;
