// Jest Snapshot v1, https://goo.gl/fbAQLP

exports[`pruebas en <GifExpertApp /> debe renderizarse correctamente 1`] = `
<Fragment>
  <h2>
    GIFS APP
  </h2>
  <AddCategory
    setCategories={[Function]}
  />
  <hr />
  <ol />
</Fragment>
`;
